15:09:36 [INFO] Test message 0
15:09:36 [INFO] Test message 1
15:09:36 [INFO] Test message 2
15:09:36 [INFO] Test message 3
15:09:36 [INFO] Test message 4
15:09:36 [INFO] Test message 5
15:09:36 [INFO] Test message 6
15:09:36 [INFO] Test message 7
15:09:36 [INFO] Test message 8
15:09:36 [INFO] Test message 9
15:09:36 [INFO] Test message 10
15:09:36 [INFO] Test message 11
15:09:36 [INFO] Test message 12
15:09:36 [INFO] Test message 13
15:09:36 [INFO] Test message 14
15:09:36 [INFO] Test message 15
15:09:36 [INFO] Test message 16
15:09:36 [INFO] Test message 17
15:09:36 [INFO] Test message 18
15:09:36 [INFO] Test message 19
15:09:36 [INFO] Test message 20
15:09:36 [INFO] Test message 21
15:09:36 [INFO] Test message 22
15:09:36 [INFO] Test message 23
15:09:36 [INFO] Test message 24
15:09:36 [INFO] Test message 25
15:09:36 [INFO] Test message 26
15:09:36 [INFO] Test message 27
15:09:36 [INFO] Test message 28
15:09:36 [INFO] Test message 29
15:09:36 [INFO] Test message 30
15:09:36 [INFO] Test message 31
15:09:36 [INFO] Test message 32
15:09:36 [INFO] Test message 33
15:09:36 [INFO] Test message 34
15:09:36 [INFO] Test message 35
15:09:36 [INFO] Test message 36
15:09:36 [INFO] Test message 37
15:09:36 [INFO] Test message 38
15:09:36 [INFO] Test message 39
15:09:36 [INFO] Test message 40
15:09:36 [INFO] Test message 41
15:09:36 [INFO] Test message 42
15:09:36 [INFO] Test message 43
15:09:36 [INFO] Test message 44
15:09:36 [INFO] Test message 45
15:09:36 [INFO] Test message 46
15:09:36 [INFO] Test message 47
15:09:36 [INFO] Test message 48
15:09:36 [INFO] Test message 49
15:09:36 [INFO] Test message 50
15:09:36 [INFO] Test message 51
15:09:36 [INFO] Test message 52
15:09:36 [INFO] Test message 53
15:09:36 [INFO] Test message 54
15:09:36 [INFO] Test message 55
15:09:36 [INFO] Test message 56
15:09:36 [INFO] Test message 57
15:09:36 [INFO] Test message 58
15:09:36 [INFO] Test message 59
15:09:36 [INFO] Test message 60
15:09:36 [INFO] Test message 61
15:09:36 [INFO] Test message 62
15:09:36 [INFO] Test message 63
15:09:36 [INFO] Test message 64
15:09:36 [INFO] Test message 65
15:09:36 [INFO] Test message 66
15:09:36 [INFO] Test message 67
15:09:36 [INFO] Test message 68
15:09:36 [INFO] Test message 69
15:09:36 [INFO] Test message 70
15:09:36 [INFO] Test message 71
15:09:36 [INFO] Test message 72
15:09:36 [INFO] Test message 73
15:09:36 [INFO] Test message 74
15:09:36 [INFO] Test message 75
15:09:36 [INFO] Test message 76
15:09:36 [INFO] Test message 77
15:09:36 [INFO] Test message 78
15:09:36 [INFO] Test message 79
15:09:36 [INFO] Test message 80
15:09:36 [INFO] Test message 81
15:09:36 [INFO] Test message 82
15:09:36 [INFO] Test message 83
15:09:36 [INFO] Test message 84
15:09:36 [INFO] Test message 85
15:09:36 [INFO] Test message 86
15:09:36 [INFO] Test message 87
15:09:36 [INFO] Test message 88
15:09:36 [INFO] Test message 89
15:09:36 [INFO] Test message 90
15:09:36 [INFO] Test message 91
15:09:36 [INFO] Test message 92
15:09:36 [INFO] Test message 93
15:09:36 [INFO] Test message 94
15:09:36 [INFO] Test message 95
15:09:36 [INFO] Test message 96
15:09:36 [INFO] Test message 97
15:09:36 [INFO] Test message 98
15:09:36 [INFO] Test message 99
15:09:36 [INFO] Global info test
15:09:36 [WARNING] Global warning test
15:09:36 [ERROR] Global error test
15:09:36 [INFO] Global success test
15:09:36 [ERROR] Таймаут при запросе к SMS-API
15:09:36 [ERROR] Ошибка соединения с SMS-API
15:09:36 [ERROR] Ошибка получения баланса: INVALID_FORMAT
15:09:36 [WARNING] Нет номеров (попытка 1/1)
15:09:36 [ERROR] Неизвестный ответ getNumber: NO_NUMBERS
15:09:38 [ERROR] Недостаточно средств
15:09:38 [ERROR] Неверный API-ключ
00:00:00 [INFO] SMS получен за 1 попыток
15:10:09 [INFO] Прокси отключены (proxy.enabled=false)
15:10:09 [INFO] Прокси отключены (proxy.enabled=false)
15:10:09 [INFO] Прокси отключены (proxy.enabled=false)
15:10:09 [WARNING] ⏹ Остановка запрошена...
15:10:09 [INFO] Прокси отключены (proxy.enabled=false)
15:10:09 [INFO] Прокси отключены (proxy.enabled=false)
15:10:09 [INFO] Прокси отключены (proxy.enabled=false)
15:10:09 [INFO] Прокси отключены (proxy.enabled=false)
15:10:09 [INFO] Прокси отключены (proxy.enabled=false)
15:10:09 [INFO] Прокси отключены (proxy.enabled=false)
15:10:09 [INFO] Прокси отключены (proxy.enabled=false)
15:10:09 [INFO] Прокси отключены (proxy.enabled=false)
00:00:00 [INFO] SMS получен за 1 попыток
15:10:17 [INFO] Прокси отключены (proxy.enabled=false)
15:10:17 [INFO] Загружено прокси: 2
15:10:17 [INFO] Прокси отключены (proxy.enabled=false)
15:10:17 [INFO] Прокси отключены (proxy.enabled=false)
15:10:17 [WARNING] ⏹ Остановка запрошена...
15:10:17 [INFO] Прокси отключены (proxy.enabled=false)
15:10:17 [INFO] Прокси отключены (proxy.enabled=false)
15:10:17 [INFO] Прокси отключены (proxy.enabled=false)
15:10:17 [WARNING] ⏹ Остановка запрошена...
15:10:17 [INFO] Прокси отключены (proxy.enabled=false)
15:10:17 [INFO] Прокси отключены (proxy.enabled=false)
15:10:17 [INFO] Прокси отключены (proxy.enabled=false)
15:10:17 [INFO] Прокси отключены (proxy.enabled=false)
15:10:17 [INFO] Прокси отключены (proxy.enabled=false)
15:10:17 [INFO] Прокси отключены (proxy.enabled=false)
15:10:17 [INFO] Прокси отключены (proxy.enabled=false)
15:10:17 [INFO] Прокси отключены (proxy.enabled=false)
15:10:17 [ERROR] Таймаут при запросе к SMS-API
15:10:17 [ERROR] Ошибка соединения с SMS-API
15:10:17 [ERROR] Ошибка получения баланса: INVALID_FORMAT
15:10:17 [WARNING] Нет номеров (попытка 1/1)
15:10:17 [ERROR] Неизвестный ответ getNumber: NO_NUMBERS
15:10:19 [ERROR] Недостаточно средств
15:10:19 [ERROR] Неверный API-ключ
00:00:00 [INFO] SMS получен за 1 попыток
00:00:00 [INFO] SMS получен за 1 попыток
15:10:50 [INFO] Прокси отключены (proxy.enabled=false)
15:10:50 [INFO] Загружено прокси: 2
15:10:50 [INFO] Прокси отключены (proxy.enabled=false)
15:10:50 [INFO] Прокси отключены (proxy.enabled=false)
15:10:50 [WARNING] ⏹ Остановка запрошена...
15:10:50 [INFO] Прокси отключены (proxy.enabled=false)
15:10:50 [INFO] Прокси отключены (proxy.enabled=false)
15:10:50 [INFO] Прокси отключены (proxy.enabled=false)
15:10:50 [WARNING] ⏹ Остановка запрошена...
15:10:50 [INFO] Прокси отключены (proxy.enabled=false)
15:10:50 [INFO] Прокси отключены (proxy.enabled=false)
15:10:50 [INFO] Прокси отключены (proxy.enabled=false)
15:10:50 [INFO] Прокси отключены (proxy.enabled=false)
15:10:50 [INFO] Прокси отключены (proxy.enabled=false)
15:10:50 [INFO] Прокси отключены (proxy.enabled=false)
15:10:50 [INFO] Прокси отключены (proxy.enabled=false)
15:10:50 [INFO] Прокси отключены (proxy.enabled=false)
15:10:50 [ERROR] Таймаут при запросе к SMS-API
15:10:50 [ERROR] Ошибка соединения с SMS-API
15:10:50 [ERROR] Ошибка получения баланса: INVALID_FORMAT
15:10:50 [WARNING] Нет номеров (попытка 1/1)
15:10:50 [ERROR] Неизвестный ответ getNumber: NO_NUMBERS
15:10:52 [ERROR] Недостаточно средств
15:10:52 [ERROR] Неверный API-ключ
00:00:00 [INFO] SMS получен за 1 попыток
00:00:00 [INFO] SMS получен за 1 попыток
15:11:18 [INFO] Прокси отключены (proxy.enabled=false)
15:11:18 [INFO] Загружено прокси: 2
15:11:18 [INFO] Прокси отключены (proxy.enabled=false)
15:11:18 [INFO] Прокси отключены (proxy.enabled=false)
15:11:18 [WARNING] ⏹ Остановка запрошена...
15:11:18 [INFO] Прокси отключены (proxy.enabled=false)
15:11:18 [INFO] Прокси отключены (proxy.enabled=false)
15:11:18 [INFO] Прокси отключены (proxy.enabled=false)
15:11:18 [WARNING] ⏹ Остановка запрошена...
15:11:18 [INFO] Прокси отключены (proxy.enabled=false)
15:11:18 [INFO] Прокси отключены (proxy.enabled=false)
15:11:18 [INFO] Прокси отключены (proxy.enabled=false)
15:11:18 [INFO] Прокси отключены (proxy.enabled=false)
15:11:18 [INFO] Прокси отключены (proxy.enabled=false)
15:11:18 [INFO] Прокси отключены (proxy.enabled=false)
15:11:18 [INFO] Прокси отключены (proxy.enabled=false)
15:11:18 [INFO] Прокси отключены (proxy.enabled=false)
15:11:18 [ERROR] Таймаут при запросе к SMS-API
15:11:18 [ERROR] Ошибка соединения с SMS-API
15:11:18 [ERROR] Ошибка получения баланса: INVALID_FORMAT
15:11:18 [WARNING] Нет номеров (попытка 1/1)
15:11:18 [ERROR] Неизвестный ответ getNumber: NO_NUMBERS
15:11:20 [ERROR] Недостаточно средств
15:11:20 [ERROR] Неверный API-ключ
00:00:00 [INFO] SMS получен за 1 попыток
16:45:23 [INFO] Браузеры Playwright не найдены — запускаю авто-установку: playwright install chromium (может занять несколько минут)...
16:45:36 [INFO] ✅ Браузеры Playwright успешно установлены.
