15:08:06 [INFO] Test message 0
15:08:06 [INFO] Test message 1
15:08:06 [INFO] Test message 2
15:08:06 [INFO] Test message 3
15:08:06 [INFO] Test message 4
15:08:06 [INFO] Test message 5
15:08:06 [INFO] Test message 6
15:08:06 [INFO] Test message 7
15:08:06 [INFO] Test message 8
15:08:06 [INFO] Test message 9
15:08:06 [INFO] Test message 10
15:08:06 [INFO] Test message 11
15:08:06 [INFO] Test message 12
15:08:06 [INFO] Test message 13
15:08:06 [INFO] Test message 14
15:08:06 [INFO] Test message 15
15:08:06 [INFO] Test message 16
15:08:06 [INFO] Test message 17
15:08:06 [INFO] Test message 18
15:08:06 [INFO] Test message 19
15:08:06 [INFO] Test message 20
15:08:06 [INFO] Test message 21
15:08:06 [INFO] Test message 22
15:08:06 [INFO] Test message 23
15:08:06 [INFO] Test message 24
15:08:06 [INFO] Test message 25
15:08:06 [INFO] Test message 26
15:08:06 [INFO] Test message 27
15:08:06 [INFO] Test message 28
15:08:06 [INFO] Test message 29
15:08:06 [INFO] Test message 30
15:08:06 [INFO] Test message 31
15:08:06 [INFO] Test message 32
15:08:06 [INFO] Test message 33
15:08:06 [INFO] Test message 34
15:08:06 [INFO] Test message 35
15:08:06 [INFO] Test message 36
15:08:06 [INFO] Test message 37
15:08:06 [INFO] Test message 38
15:08:06 [INFO] Test message 39
15:08:06 [INFO] Test message 40
15:08:06 [INFO] Test message 41
15:08:06 [INFO] Test message 42
15:08:06 [INFO] Test message 43
15:08:06 [INFO] Test message 44
15:08:06 [INFO] Test message 45
15:08:06 [INFO] Test message 46
15:08:06 [INFO] Test message 47
15:08:06 [INFO] Test message 48
15:08:06 [INFO] Test message 49
15:08:06 [INFO] Test message 50
15:08:06 [INFO] Test message 51
15:08:06 [INFO] Test message 52
15:08:06 [INFO] Test message 53
15:08:06 [INFO] Test message 54
15:08:06 [INFO] Test message 55
15:08:06 [INFO] Test message 56
15:08:06 [INFO] Test message 57
15:08:06 [INFO] Test message 58
15:08:06 [INFO] Test message 59
15:08:06 [INFO] Test message 60
15:08:06 [INFO] Test message 61
15:08:06 [INFO] Test message 62
15:08:06 [INFO] Test message 63
15:08:06 [INFO] Test message 64
15:08:06 [INFO] Test message 65
15:08:06 [INFO] Test message 66
15:08:06 [INFO] Test message 67
15:08:06 [INFO] Test message 68
15:08:06 [INFO] Test message 69
15:08:06 [INFO] Test message 70
15:08:06 [INFO] Test message 71
15:08:06 [INFO] Test message 72
15:08:06 [INFO] Test message 73
15:08:06 [INFO] Test message 74
15:08:06 [INFO] Test message 75
15:08:06 [INFO] Test message 76
15:08:06 [INFO] Test message 77
15:08:06 [INFO] Test message 78
15:08:06 [INFO] Test message 79
15:08:06 [INFO] Test message 80
15:08:06 [INFO] Test message 81
15:08:06 [INFO] Test message 82
15:08:06 [INFO] Test message 83
15:08:06 [INFO] Test message 84
15:08:06 [INFO] Test message 85
15:08:06 [INFO] Test message 86
15:08:06 [INFO] Test message 87
15:08:06 [INFO] Test message 88
15:08:06 [INFO] Test message 89
15:08:06 [INFO] Test message 90
15:08:06 [INFO] Test message 91
15:08:06 [INFO] Test message 92
15:08:06 [INFO] Test message 93
15:08:06 [INFO] Test message 94
15:08:06 [INFO] Test message 95
15:08:06 [INFO] Test message 96
15:08:06 [INFO] Test message 97
15:08:06 [INFO] Test message 98
15:08:06 [INFO] Test message 99
15:08:06 [INFO] Global info test
15:08:06 [WARNING] Global warning test
15:08:06 [ERROR] Global error test
15:08:06 [INFO] Global success test
15:08:06 [ERROR] Таймаут при запросе к SMS-API
15:08:06 [ERROR] Ошибка соединения с SMS-API
15:08:06 [ERROR] Ошибка получения баланса: INVALID_FORMAT
15:08:06 [WARNING] Нет номеров (попытка 1/1)
15:08:06 [ERROR] Неизвестный ответ getNumber: NO_NUMBERS
15:08:08 [ERROR] Недостаточно средств
15:08:08 [ERROR] Неверный API-ключ
00:00:00 [INFO] SMS получен за 1 попыток
15:08:35 [INFO] Прокси отключены (proxy.enabled=false)
15:08:35 [INFO] Прокси отключены (proxy.enabled=false)
15:08:35 [INFO] Прокси отключены (proxy.enabled=false)
15:08:35 [WARNING] ⏹ Остановка запрошена...
15:08:35 [INFO] Прокси отключены (proxy.enabled=false)
15:08:35 [INFO] Прокси отключены (proxy.enabled=false)
15:08:35 [INFO] Прокси отключены (proxy.enabled=false)
15:08:35 [INFO] Прокси отключены (proxy.enabled=false)
15:08:35 [INFO] Прокси отключены (proxy.enabled=false)
15:08:35 [INFO] Прокси отключены (proxy.enabled=false)
15:08:35 [INFO] Прокси отключены (proxy.enabled=false)
15:08:35 [INFO] Прокси отключены (proxy.enabled=false)
15:08:35 [INFO] Test info message
15:08:35 [WARNING] Test warning message
15:08:35 [ERROR] Test error message
15:08:35 [INFO] Test success message
15:08:35 [INFO] Test message for file creation
15:08:35 [INFO] Test message 0
15:08:35 [INFO] Test message 1
15:08:35 [INFO] Test message 2
15:08:35 [INFO] Test message 3
15:08:35 [INFO] Test message 4
15:08:35 [INFO] Test message 5
15:08:35 [INFO] Test message 6
15:08:35 [INFO] Test message 7
15:08:35 [INFO] Test message 8
15:08:35 [INFO] Test message 9
15:08:35 [INFO] Test message 10
15:08:35 [INFO] Test message 11
15:08:35 [INFO] Test message 12
15:08:35 [INFO] Test message 13
15:08:35 [INFO] Test message 14
15:08:35 [INFO] Test message 15
15:08:35 [INFO] Test message 16
15:08:35 [INFO] Test message 17
15:08:35 [INFO] Test message 18
15:08:35 [INFO] Test message 19
15:08:35 [INFO] Test message 20
15:08:35 [INFO] Test message 21
15:08:35 [INFO] Test message 22
15:08:35 [INFO] Test message 23
15:08:35 [INFO] Test message 24
15:08:35 [INFO] Test message 25
15:08:35 [INFO] Test message 26
15:08:35 [INFO] Test message 27
15:08:35 [INFO] Test message 28
15:08:35 [INFO] Test message 29
15:08:35 [INFO] Test message 30
15:08:35 [INFO] Test message 31
15:08:35 [INFO] Test message 32
15:08:35 [INFO] Test message 33
15:08:35 [INFO] Test message 34
15:08:35 [INFO] Test message 35
15:08:35 [INFO] Test message 36
15:08:35 [INFO] Test message 37
15:08:35 [INFO] Test message 38
15:08:35 [INFO] Test message 39
15:08:35 [INFO] Test message 40
15:08:35 [INFO] Test message 41
15:08:35 [INFO] Test message 42
15:08:35 [INFO] Test message 43
15:08:35 [INFO] Test message 44
15:08:35 [INFO] Test message 45
15:08:35 [INFO] Test message 46
15:08:35 [INFO] Test message 47
15:08:35 [INFO] Test message 48
15:08:35 [INFO] Test message 49
15:08:35 [INFO] Test message 50
15:08:35 [INFO] Test message 51
15:08:35 [INFO] Test message 52
15:08:35 [INFO] Test message 53
15:08:35 [INFO] Test message 54
15:08:35 [INFO] Test message 55
15:08:35 [INFO] Test message 56
15:08:35 [INFO] Test message 57
15:08:35 [INFO] Test message 58
15:08:35 [INFO] Test message 59
15:08:35 [INFO] Test message 60
15:08:35 [INFO] Test message 61
15:08:35 [INFO] Test message 62
15:08:35 [INFO] Test message 63
15:08:35 [INFO] Test message 64
15:08:35 [INFO] Test message 65
15:08:35 [INFO] Test message 66
15:08:35 [INFO] Test message 67
15:08:35 [INFO] Test message 68
15:08:35 [INFO] Test message 69
15:08:35 [INFO] Test message 70
15:08:35 [INFO] Test message 71
15:08:35 [INFO] Test message 72
15:08:35 [INFO] Test message 73
15:08:35 [INFO] Test message 74
15:08:35 [INFO] Test message 75
15:08:35 [INFO] Test message 76
15:08:35 [INFO] Test message 77
15:08:35 [INFO] Test message 78
15:08:35 [INFO] Test message 79
15:08:35 [INFO] Test message 80
15:08:35 [INFO] Test message 81
15:08:35 [INFO] Test message 82
15:08:35 [INFO] Test message 83
15:08:35 [INFO] Test message 84
15:08:35 [INFO] Test message 85
15:08:35 [INFO] Test message 86
15:08:35 [INFO] Test message 87
15:08:35 [INFO] Test message 88
15:08:35 [INFO] Test message 89
15:08:35 [INFO] Test message 90
15:08:35 [INFO] Test message 91
15:08:35 [INFO] Test message 92
15:08:35 [INFO] Test message 93
15:08:35 [INFO] Test message 94
15:08:35 [INFO] Test message 95
15:08:35 [INFO] Test message 96
15:08:35 [INFO] Test message 97
15:08:35 [INFO] Test message 98
15:08:35 [INFO] Test message 99
15:08:35 [INFO] Global info test
15:08:35 [WARNING] Global warning test
15:08:35 [ERROR] Global error test
15:08:35 [INFO] Global success test
15:08:35 [ERROR] Таймаут при запросе к SMS-API
15:08:35 [ERROR] Ошибка соединения с SMS-API
15:08:35 [ERROR] Ошибка получения баланса: INVALID_FORMAT
15:08:35 [WARNING] Нет номеров (попытка 1/1)
15:08:35 [ERROR] Неизвестный ответ getNumber: NO_NUMBERS
15:08:37 [ERROR] Недостаточно средств
15:08:37 [ERROR] Неверный API-ключ
00:00:00 [INFO] SMS получен за 1 попыток
